// Jest Snapshot v1, https://goo.gl/fbAQLP

exports[`block single 1`] = `
Program {
  "children": Array [
    Block {
      "children": Array [
        ExpressionStatement {
          "expression": Assign {
            "kind": "assign",
            "left": Variable {
              "byref": false,
              "curly": false,
              "kind": "variable",
              "name": "var",
            },
            "operator": "=",
            "right": Number {
              "kind": "number",
              "value": "1",
            },
          },
          "kind": "expressionstatement",
        },
      ],
      "kind": "block",
    },
  ],
  "errors": Array [],
  "kind": "program",
}
`;
