// Jest Snapshot v1, https://goo.gl/fbAQLP

exports[`goto simple 1`] = `
Program {
  "children": Array [
    Goto {
      "kind": "goto",
      "label": "a",
    },
    Echo {
      "expressions": Array [
        String {
          "isDoubleQuote": true,
          "kind": "string",
          "raw": "\\"Foo\\"",
          "unicode": false,
          "value": "Foo",
        },
      ],
      "kind": "echo",
      "shortForm": false,
    },
  ],
  "errors": Array [],
  "kind": "program",
}
`;
