// Jest Snapshot v1, https://goo.gl/fbAQLP

exports[`throw simple 1`] = `
Program {
  "children": Array [
    Throw {
      "kind": "throw",
      "what": New {
        "arguments": Array [
          String {
            "isDoubleQuote": true,
            "kind": "string",
            "raw": "\\"Error\\"",
            "unicode": false,
            "value": "Error",
          },
        ],
        "kind": "new",
        "what": ClassReference {
          "kind": "classreference",
          "name": "Exception",
          "resolution": "uqn",
        },
      },
    },
  ],
  "errors": Array [],
  "kind": "program",
}
`;
