// Jest Snapshot v1, https://goo.gl/fbAQLP

exports[`traitprecedence simple 1`] = `
Program {
  "children": Array [
    Class {
      "body": Array [
        TraitUse {
          "adaptations": Array [
            TraitPrecedence {
              "instead": Array [
                ClassReference {
                  "kind": "classreference",
                  "name": "A",
                  "resolution": "uqn",
                },
              ],
              "kind": "traitprecedence",
              "method": Identifier {
                "kind": "identifier",
                "name": "smallTalk",
              },
              "trait": ClassReference {
                "kind": "classreference",
                "name": "B",
                "resolution": "uqn",
              },
            },
            TraitPrecedence {
              "instead": Array [
                ClassReference {
                  "kind": "classreference",
                  "name": "B",
                  "resolution": "uqn",
                },
              ],
              "kind": "traitprecedence",
              "method": Identifier {
                "kind": "identifier",
                "name": "bigTalk",
              },
              "trait": ClassReference {
                "kind": "classreference",
                "name": "A",
                "resolution": "uqn",
              },
            },
          ],
          "kind": "traituse",
          "traits": Array [
            ClassReference {
              "kind": "classreference",
              "name": "A",
              "resolution": "uqn",
            },
            ClassReference {
              "kind": "classreference",
              "name": "B",
              "resolution": "uqn",
            },
          ],
        },
      ],
      "extends": ClassReference {
        "kind": "classreference",
        "name": "Base",
        "resolution": "uqn",
      },
      "implements": null,
      "isAbstract": false,
      "isAnonymous": false,
      "isFinal": false,
      "kind": "class",
      "name": Identifier {
        "kind": "identifier",
        "name": "MyHelloWorld",
      },
    },
  ],
  "errors": Array [],
  "kind": "program",
}
`;
