// Jest Snapshot v1, https://goo.gl/fbAQLP

exports[`unset multiple 1`] = `
Program {
  "children": Array [
    Unset {
      "kind": "unset",
      "variables": Array [
        Variable {
          "byref": false,
          "curly": false,
          "kind": "variable",
          "name": "var",
        },
        Variable {
          "byref": false,
          "curly": false,
          "kind": "variable",
          "name": "var",
        },
        Variable {
          "byref": false,
          "curly": false,
          "kind": "variable",
          "name": "var",
        },
      ],
    },
  ],
  "errors": Array [],
  "kind": "program",
}
`;

exports[`unset simple 1`] = `
Program {
  "children": Array [
    Unset {
      "kind": "unset",
      "variables": Array [
        Variable {
          "byref": false,
          "curly": false,
          "kind": "variable",
          "name": "var",
        },
      ],
    },
  ],
  "errors": Array [],
  "kind": "program",
}
`;
